---
source: tests/end_to_end.rs
expression: stdout
---
Should be 42: 42

