---
source: tests/end_to_end.rs
expression: vil_output
---
extern venice_printint;
extern venice_printint;



func venice_main {

venice_main_0:
  R0 = set 21
  R1 = move R0
  R0 = set 2
  R1 = mul R1, R0
  store R1, -8  // x__0
  R0 = load -8  // x__0
  R1 = move R0
  caller_save R0
  caller_save R1
  call %venice_printint, R1
  R1 = caller_restore
  R0 = caller_restore
  R1 = move R13
  R0 = set 84
  R1 = move R0
  R0 = set 2
  R1 = div R1, R0
  store R1, -16  // y__1
  R0 = load -16  // y__1
  R1 = move R0
  caller_save R0
  caller_save R1
  call %venice_printint, R1
  R1 = caller_restore
  R0 = caller_restore
  R1 = move R13
  R0 = set 0
  R13 = move R0
  jump %venice_main_return_1

venice_main_return_1:
}

