---
source: tests/end_to_end.rs
expression: stdout
---
error: expected i64, got string (line 2, column 12 of tests/error_01_bad_printint.vn)

