---
source: tests/end_to_end.rs
expression: stdout
---
error: expected i64, got string (line 3, column 15 of tests/error_08_assign_of_wrong_type.vn)

