---
source: tests/end_to_end.rs
expression: stdout
---
File size: 3044

