---
source: tests/end_to_end.rs
expression: stdout
---
error: unknown symbol (line 2, column 12 of tests/error_05_undefined_symbol.vn)

