---
source: tests/end_to_end.rs
expression: stdout
---
error: expected bool, got string (line 2, column 9 of tests/error_10_bad_while_condition.vn)

