---
source: tests/end_to_end.rs
expression: stdout
---
error: assignment to unknown symbol 'unknown_symbol' (line 2, column 18 of tests/error_07_assign_to_unknown_symbol.vn)

