---
source: tests/end_to_end.rs
expression: vil_output
---
extern venice_list_from_varargs;
extern venice_list_index;
extern venice_printint;



func venice_main {

venice_main_0:
  frame_set_up 8
  callee_save %rg2
  callee_save %rg3
  callee_save %rg4
  callee_save %rg5
  callee_save %rg6
  %rg0 = set 3
  %rg4 = move %rg0
  %rg0 = set 1
  %rg0 = negate %rg0
  %rg3 = move %rg0
  %rg0 = set 42
  %rg2 = move %rg0
  %rg0 = set 1
  %rg0 = negate %rg0
  %rg1 = move %rg0
  caller_save %rg0
  caller_save %rg1
  %rp0 = move %rg4
  %rp1 = move %rg3
  %rp2 = move %rg2
  %rp3 = move %rg1
  call_variadic %venice_list_from_varargs
  %rg1 = caller_restore
  %rg0 = caller_restore
  %rg4 = move %rt
  store %rg4, -8  // numbers__0
  %rg0 = load -8  // numbers__0
  %rg2 = move %rg0
  %rg0 = set 1
  %rg1 = move %rg0
  caller_save %rg0
  caller_save %rg1
  %rp0 = move %rg2
  %rp1 = move %rg1
  call %venice_list_index
  %rg1 = caller_restore
  %rg0 = caller_restore
  %rg2 = move %rt
  %rg3 = move %rg2
  caller_save %rg0
  caller_save %rg1
  %rp0 = move %rg3
  call %venice_printint
  %rg1 = caller_restore
  %rg0 = caller_restore
  %rg3 = move %rt
  %rg0 = set 0
  %rt = move %rg0
  %rg6 = callee_restore
  %rg5 = callee_restore
  %rg4 = callee_restore
  %rg3 = callee_restore
  %rg2 = callee_restore
  frame_tear_down 8
  ret
}

